// Vitest Snapshot v1, https://vitest.dev/guide/snapshot.html

exports[`MarketplaceListingForm - Snapshots > matches the physical listing form snapshot 1`] = `
<form
  class="grid gap-6 lg:grid-cols-[11rem_minmax(0,1fr)_9rem]"
>
  <nav
    aria-label="Listing sections"
    class="sticky top-24 hidden h-fit flex-col gap-2 lg:flex"
  >
    <a
      aria-current="step"
      class="flex items-center gap-2 rounded-full border px-3 py-2 text-sm transition-colors border-brand bg-brand/10 text-brand "
      href="#listing-section-photos"
    >
      <svg
        aria-hidden="true"
        class="lucide lucide-circle size-4 shrink-0"
        fill="none"
        height="24"
        stroke="currentColor"
        stroke-linecap="round"
        stroke-linejoin="round"
        stroke-width="2"
        viewBox="0 0 24 24"
        width="24"
        xmlns="http://www.w3.org/2000/svg"
      >
        <circle
          cx="12"
          cy="12"
          r="10"
        />
      </svg>
      Photos
      <span
        class="sr-only"
      >
         incomplete
      </span>
    </a>
    <a
      class="flex items-center gap-2 rounded-full border px-3 py-2 text-sm transition-colors border-border text-muted-foreground hover:text-foreground "
      href="#listing-section-item"
    >
      <svg
        aria-hidden="true"
        class="lucide lucide-circle size-4 shrink-0"
        fill="none"
        height="24"
        stroke="currentColor"
        stroke-linecap="round"
        stroke-linejoin="round"
        stroke-width="2"
        viewBox="0 0 24 24"
        width="24"
        xmlns="http://www.w3.org/2000/svg"
      >
        <circle
          cx="12"
          cy="12"
          r="10"
        />
      </svg>
      Item
      <span
        class="sr-only"
      >
         incomplete
      </span>
    </a>
    <a
      class="flex items-center gap-2 rounded-full border px-3 py-2 text-sm transition-colors border-border text-muted-foreground hover:text-foreground "
      href="#listing-section-price"
    >
      <svg
        aria-hidden="true"
        class="lucide lucide-circle size-4 shrink-0"
        fill="none"
        height="24"
        stroke="currentColor"
        stroke-linecap="round"
        stroke-linejoin="round"
        stroke-width="2"
        viewBox="0 0 24 24"
        width="24"
        xmlns="http://www.w3.org/2000/svg"
      >
        <circle
          cx="12"
          cy="12"
          r="10"
        />
      </svg>
      Price & format
      <span
        class="sr-only"
      >
         incomplete
      </span>
    </a>
    <a
      class="flex items-center gap-2 rounded-full border px-3 py-2 text-sm transition-colors border-border text-muted-foreground hover:text-foreground "
      href="#listing-section-shipping"
    >
      <svg
        aria-hidden="true"
        class="lucide lucide-circle size-4 shrink-0"
        fill="none"
        height="24"
        stroke="currentColor"
        stroke-linecap="round"
        stroke-linejoin="round"
        stroke-width="2"
        viewBox="0 0 24 24"
        width="24"
        xmlns="http://www.w3.org/2000/svg"
      >
        <circle
          cx="12"
          cy="12"
          r="10"
        />
      </svg>
      Shipping & returns
      <span
        class="sr-only"
      >
         incomplete
      </span>
    </a>
    <a
      class="flex items-center gap-2 rounded-full border px-3 py-2 text-sm transition-colors border-border text-muted-foreground hover:text-foreground "
      href="#listing-section-review"
    >
      <svg
        aria-hidden="true"
        class="lucide lucide-circle size-4 shrink-0"
        fill="none"
        height="24"
        stroke="currentColor"
        stroke-linecap="round"
        stroke-linejoin="round"
        stroke-width="2"
        viewBox="0 0 24 24"
        width="24"
        xmlns="http://www.w3.org/2000/svg"
      >
        <circle
          cx="12"
          cy="12"
          r="10"
        />
      </svg>
      Review & publish
      <span
        class="sr-only"
      >
         incomplete
      </span>
    </a>
  </nav>
  <div
    class="flex flex-col gap-6"
  >
    <div
      class="sticky top-2 z-10 flex flex-col gap-3 rounded-xl border bg-background/95 p-3 shadow-sm backdrop-blur lg:hidden"
    >
      <div
        class="flex items-center justify-between gap-3"
      >
        <div>
          <p
            class="text-xs font-semibold tracking-wide text-muted-foreground uppercase"
            data-testid="typography"
          >
            Step 
            1
             of 
            5
          </p>
          <p
            class="text-base text-foreground font-semibold"
            data-testid="typography"
          >
            Photos
          </p>
        </div>
        <div
          class="flex items-center gap-2"
        >
          <button
            class="inline-flex items-center justify-center whitespace-nowrap text-sm transition-all disabled:pointer-events-none disabled:opacity-50 [&_svg]:pointer-events-none [&_svg:not([class*=\\"size-\\"])]:size-4 shrink-0 [&_svg]:shrink-0 outline-none focus-visible:border-ring focus-visible:ring-ring/50 focus-visible:ring-[3px] aria-invalid:ring-destructive/40 aria-invalid:border-destructive font-semibold cursor-pointer border shadow-xs bg-secondary text-secondary-foreground hover:bg-accent h-8 gap-1.5 px-3 has-[>svg]:px-3.5 rounded-full"
            data-size="sm"
            data-slot="button"
            data-variant="secondary"
            disabled=""
            type="button"
          >
            <svg
              aria-hidden="true"
              class="lucide lucide-chevron-left mr-1 size-4"
              fill="none"
              height="24"
              stroke="currentColor"
              stroke-linecap="round"
              stroke-linejoin="round"
              stroke-width="2"
              viewBox="0 0 24 24"
              width="24"
              xmlns="http://www.w3.org/2000/svg"
            >
              <path
                d="m15 18-6-6 6-6"
              />
            </svg>
            Back
          </button>
          <button
            class="inline-flex items-center justify-center whitespace-nowrap text-sm transition-all disabled:pointer-events-none disabled:opacity-50 [&_svg]:pointer-events-none [&_svg:not([class*=\\"size-\\"])]:size-4 shrink-0 [&_svg]:shrink-0 outline-none focus-visible:border-ring focus-visible:ring-ring/50 focus-visible:ring-[3px] aria-invalid:ring-destructive/40 aria-invalid:border-destructive font-semibold cursor-pointer border shadow-xs bg-secondary text-secondary-foreground hover:bg-accent h-8 gap-1.5 px-3 has-[>svg]:px-3.5 rounded-full"
            data-size="sm"
            data-slot="button"
            data-variant="secondary"
            type="button"
          >
            Next
            <svg
              aria-hidden="true"
              class="lucide lucide-chevron-right ml-1 size-4"
              fill="none"
              height="24"
              stroke="currentColor"
              stroke-linecap="round"
              stroke-linejoin="round"
              stroke-width="2"
              viewBox="0 0 24 24"
              width="24"
              xmlns="http://www.w3.org/2000/svg"
            >
              <path
                d="m9 18 6-6-6-6"
              />
            </svg>
          </button>
        </div>
      </div>
      <div
        aria-label="Listing section anchors"
        class="flex flex-wrap gap-2"
      >
        <a
          aria-current="step"
          class="rounded-full border px-2.5 py-1 text-xs border-brand bg-brand/10 text-brand"
          href="#listing-section-photos"
        >
          1
          <span
            class="sr-only"
          >
             
            Photos
             incomplete
          </span>
        </a>
        <a
          class="rounded-full border px-2.5 py-1 text-xs border-border text-muted-foreground"
          href="#listing-section-item"
        >
          2
          <span
            class="sr-only"
          >
             
            Item
             incomplete
          </span>
        </a>
        <a
          class="rounded-full border px-2.5 py-1 text-xs border-border text-muted-foreground"
          href="#listing-section-price"
        >
          3
          <span
            class="sr-only"
          >
             
            Price & format
             incomplete
          </span>
        </a>
        <a
          class="rounded-full border px-2.5 py-1 text-xs border-border text-muted-foreground"
          href="#listing-section-shipping"
        >
          4
          <span
            class="sr-only"
          >
             
            Shipping & returns
             incomplete
          </span>
        </a>
        <a
          class="rounded-full border px-2.5 py-1 text-xs border-border text-muted-foreground"
          href="#listing-section-review"
        >
          5
          <span
            class="sr-only"
          >
             
            Review & publish
             incomplete
          </span>
        </a>
      </div>
    </div>
    <section
      aria-labelledby="listing-section-photos-title"
      data-section-complete="false"
      data-surface="listing-section-photos"
      id="listing-section-photos"
      tabindex="-1"
    >
      <div
        class="flex flex-col gap-6 rounded-xl bg-card py-6 text-card-foreground shadow-sm border"
        data-slot="card"
        data-testid="card"
      >
        <div
          class="grid gap-5 px-6"
          data-slot="card-content"
        >
          <div
            class="flex items-start justify-between gap-4"
          >
            <div>
              <h2
                class="text-foreground text-xl font-semibold"
                data-testid="typography"
                id="listing-section-photos-title"
              >
                Photos
              </h2>
              <p
                class="font-medium mt-1 text-sm text-muted-foreground"
                data-testid="typography"
              >
                Up to 8 photos. The first photo is the cover buyers see everywhere. Metadata is stripped before publication.
              </p>
            </div>
            <div
              class="inline-flex items-center justify-center rounded-md border px-2 py-0.5 text-xs font-medium w-fit whitespace-nowrap shrink-0 [&>svg]:size-3 gap-1 [&>svg]:pointer-events-none focus-visible:border-ring focus-visible:ring-ring/50 focus-visible:ring-[3px] aria-invalid:ring-destructive/40 aria-invalid:border-destructive transition-[color,box-shadow] overflow-hidden border-transparent [a&]:hover:bg-primary/90 bg-muted text-muted-foreground"
              data-slot="badge"
            >
              Incomplete
            </div>
          </div>
          <button
            class="inline-flex items-center justify-center whitespace-nowrap text-sm transition-all disabled:pointer-events-none disabled:opacity-50 [&_svg]:pointer-events-none [&_svg:not([class*=\\"size-\\"])]:size-4 shrink-0 [&_svg]:shrink-0 outline-none focus-visible:border-ring focus-visible:ring-ring/50 focus-visible:ring-[3px] aria-invalid:ring-destructive/40 aria-invalid:border-destructive font-semibold cursor-pointer border shadow-xs bg-secondary text-secondary-foreground hover:bg-accent h-10 gap-1 px-4 py-2 has-[>svg]:px-4 w-fit rounded-full"
            data-slot="button"
            data-variant="secondary"
            type="button"
          >
            <svg
              aria-hidden="true"
              class="lucide lucide-image-plus mr-2 size-4"
              fill="none"
              height="24"
              stroke="currentColor"
              stroke-linecap="round"
              stroke-linejoin="round"
              stroke-width="2"
              viewBox="0 0 24 24"
              width="24"
              xmlns="http://www.w3.org/2000/svg"
            >
              <path
                d="M16 5h6"
              />
              <path
                d="M19 2v6"
              />
              <path
                d="M21 11.5V19a2 2 0 0 1-2 2H5a2 2 0 0 1-2-2V5a2 2 0 0 1 2-2h7.5"
              />
              <path
                d="m21 15-3.086-3.086a2 2 0 0 0-2.828 0L6 21"
              />
              <circle
                cx="9"
                cy="9"
                r="2"
              />
            </svg>
            Add photos (
            0
            /
            8
            )
          </button>
          <input
            accept="image/jpeg,image/png,image/webp"
            hidden=""
            multiple=""
            type="file"
          />
        </div>
      </div>
    </section>
    <section
      aria-labelledby="listing-section-item-title"
      data-section-complete="false"
      data-surface="listing-section-item"
      id="listing-section-item"
      tabindex="-1"
    >
      <div
        class="flex flex-col gap-6 rounded-xl bg-card py-6 text-card-foreground shadow-sm border"
        data-slot="card"
        data-testid="card"
      >
        <div
          class="grid gap-5 px-6"
          data-slot="card-content"
        >
          <div
            class="flex items-start justify-between gap-4"
          >
            <div>
              <h2
                class="text-foreground text-xl font-semibold"
                data-testid="typography"
                id="listing-section-item-title"
              >
                Item
              </h2>
              <p
                class="font-medium mt-1 text-sm text-muted-foreground"
                data-testid="typography"
              >
                Describe what the buyer receives and classify it for marketplace discovery.
              </p>
            </div>
            <div
              class="inline-flex items-center justify-center rounded-md border px-2 py-0.5 text-xs font-medium w-fit whitespace-nowrap shrink-0 [&>svg]:size-3 gap-1 [&>svg]:pointer-events-none focus-visible:border-ring focus-visible:ring-ring/50 focus-visible:ring-[3px] aria-invalid:ring-destructive/40 aria-invalid:border-destructive transition-[color,box-shadow] overflow-hidden border-transparent [a&]:hover:bg-primary/90 bg-muted text-muted-foreground"
              data-slot="badge"
            >
              Incomplete
            </div>
          </div>
          <div
            class="mx-auto w-full flex-col flex gap-2"
            data-testid="container"
          >
            <label
              class="flex items-center gap-2 select-none group-data-[disabled=true]:pointer-events-none group-data-[disabled=true]:opacity-50 peer-disabled:cursor-not-allowed peer-disabled:opacity-50 text-xs font-medium tracking-wide text-muted-foreground uppercase"
              data-slot="label"
              for="title"
            >
              Title
            </label>
            <div
              class="flex !bg-alpha-90/10 mx-0 w-full cursor-pointer flex-row items-center gap-0 rounded-md border bg-transparent pl-2 border-dashed h-14 text-lg mb-0"
              data-testid="container"
            >
              <input
                aria-invalid="false"
                class="flex h-9 min-w-0 rounded-md border border-input bg-transparent px-3 py-1 text-base shadow-xs transition-[color,box-shadow] outline-none selection:bg-primary selection:text-primary-foreground file:inline-flex file:h-7 file:border-0 file:bg-transparent file:text-sm file:font-medium file:text-foreground placeholder:text-input disabled:pointer-events-none disabled:cursor-not-allowed disabled:opacity-50 hover:ring-0 hover:outline-none focus:ring-0 focus:ring-offset-0 focus:outline-none aria-invalid:border-destructive aria-invalid:ring-destructive/40 w-full border-none !bg-transparent"
                data-testid="input"
                id="title"
                name="title"
                placeholder="What are you selling?"
                type="text"
                value=""
              />
            </div>
          </div>
          <div
            class="mx-auto w-full flex-col flex gap-2"
            data-testid="container"
          >
            <label
              class="flex items-center gap-2 select-none group-data-[disabled=true]:pointer-events-none group-data-[disabled=true]:opacity-50 peer-disabled:cursor-not-allowed peer-disabled:opacity-50 text-xs font-medium tracking-wide text-muted-foreground uppercase"
              data-slot="label"
              for="description"
            >
              Description
            </label>
            <div
              class="mx-auto flex w-full flex-1 cursor-pointer flex-row items-center gap-0 rounded-md border font-medium !bg-alpha-90/10 border-dashed"
              data-testid="container"
            >
              <textarea
                aria-invalid="false"
                class="flex field-sizing-content w-full rounded-md bg-transparent text-base wrap-anywhere outline-none placeholder:text-muted-foreground disabled:cursor-not-allowed disabled:opacity-50 aria-invalid:border-destructive aria-invalid:ring-destructive/40 transition-[color,box-shadow] min-h-6 resize-none border-none p-0 font-medium text-secondary-foreground shadow-none focus-visible:ring-0 focus-visible:ring-offset-0 h-25 px-5 py-4"
                data-slot="textarea"
                id="description"
                name="description"
                placeholder="Condition, provenance, measurements, and anything a buyer should know"
                rows="6"
              />
            </div>
          </div>
          <div
            class="mx-auto w-full flex-col flex gap-2"
            data-testid="container"
          >
            <label
              class="flex items-center gap-2 select-none group-data-[disabled=true]:pointer-events-none group-data-[disabled=true]:opacity-50 peer-disabled:cursor-not-allowed peer-disabled:opacity-50 text-xs font-medium tracking-wide text-muted-foreground uppercase"
              data-slot="label"
              for="marketplace-category-level-0"
            >
              Category
            </label>
            <div
              class="flex flex-col gap-2"
            >
              <button
                aria-autocomplete="none"
                aria-controls="radix-normalized"
                aria-expanded="false"
                aria-invalid="false"
                aria-label="Category"
                class="flex cursor-pointer items-center justify-between gap-2.5 bg-transparent py-2 text-base font-bold whitespace-nowrap text-foreground transition-colors outline-none select-none focus-visible:border-ring focus-visible:ring-1 focus-visible:ring-ring/50 disabled:cursor-not-allowed disabled:opacity-50 aria-invalid:border-destructive aria-invalid:ring-1 aria-invalid:ring-destructive/20 data-placeholder:text-muted-foreground data-[size=default]:h-8 data-[size=sm]:h-7 data-[size=sm]:rounded-[min(var(--radius-md),10px)] *:data-[slot=select-value]:line-clamp-1 *:data-[slot=select-value]:flex *:data-[slot=select-value]:items-center *:data-[slot=select-value]:gap-1.5 dark:aria-invalid:border-destructive/50 dark:aria-invalid:ring-destructive/40 [&_svg]:pointer-events-none [&_svg]:shrink-0 [&_svg:not([class*='size-'])]:size-4 h-11 w-full rounded-md border px-3"
                data-placeholder=""
                data-size="default"
                data-slot="select-trigger"
                data-state="closed"
                dir="ltr"
                id="marketplace-category-level-0"
                role="combobox"
                type="button"
              >
                <span
                  data-slot="select-value"
                  style="pointer-events: none;"
                >
                  Choose a category
                </span>
                <svg
                  aria-hidden="true"
                  class="lucide lucide-chevron-down pointer-events-none size-4"
                  fill="none"
                  height="24"
                  stroke="currentColor"
                  stroke-linecap="round"
                  stroke-linejoin="round"
                  stroke-width="2"
                  viewBox="0 0 24 24"
                  width="24"
                  xmlns="http://www.w3.org/2000/svg"
                >
                  <path
                    d="m6 9 6 6 6-6"
                  />
                </svg>
              </button>
              <select
                aria-hidden="true"
                style="position: absolute; border: 0px; width: 1px; height: 1px; padding: 0px; margin: -1px; overflow: hidden; clip: rect(0px, 0px, 0px, 0px); white-space: nowrap; word-wrap: normal;"
                tabindex="-1"
              >
                <option
                  value="fashion"
                >
                  Fashion
                </option>
                <option
                  value="electronics"
                >
                  Electronics
                </option>
                <option
                  value="home"
                >
                  Home & Garden
                </option>
                <option
                  value="art"
                >
                  Art
                </option>
                <option
                  value="collectibles"
                >
                  Collectibles
                </option>
                <option
                  value="books-media"
                >
                  Books & Media
                </option>
                <option
                  value="music"
                >
                  Music & Instruments
                </option>
                <option
                  value="sports"
                >
                  Sports & Outdoors
                </option>
                <option
                  value="beauty"
                >
                  Beauty
                </option>
                <option
                  value="toys-games"
                >
                  Toys & Games
                </option>
                <option
                  value="jewelry-watches"
                >
                  Jewelry & Watches
                </option>
                <option
                  value="other"
                >
                  Everything else
                </option>
              </select>
            </div>
          </div>
          <div
            class="grid gap-5 sm:grid-cols-2"
          >
            <div
              class="mx-auto w-full flex-col flex gap-2"
              data-testid="container"
            >
              <label
                class="flex items-center gap-2 select-none group-data-[disabled=true]:pointer-events-none group-data-[disabled=true]:opacity-50 peer-disabled:cursor-not-allowed peer-disabled:opacity-50 text-xs font-medium tracking-wide text-muted-foreground uppercase"
                data-slot="label"
                for="condition"
              >
                Condition
              </label>
              <button
                aria-autocomplete="none"
                aria-controls="radix-normalized"
                aria-expanded="false"
                aria-invalid="false"
                class="flex cursor-pointer items-center justify-between gap-2.5 bg-transparent py-2 text-base font-bold whitespace-nowrap text-foreground transition-colors outline-none select-none focus-visible:border-ring focus-visible:ring-1 focus-visible:ring-ring/50 disabled:cursor-not-allowed disabled:opacity-50 aria-invalid:border-destructive aria-invalid:ring-1 aria-invalid:ring-destructive/20 data-placeholder:text-muted-foreground data-[size=default]:h-8 data-[size=sm]:h-7 data-[size=sm]:rounded-[min(var(--radius-md),10px)] *:data-[slot=select-value]:line-clamp-1 *:data-[slot=select-value]:flex *:data-[slot=select-value]:items-center *:data-[slot=select-value]:gap-1.5 dark:aria-invalid:border-destructive/50 dark:aria-invalid:ring-destructive/40 [&_svg]:pointer-events-none [&_svg]:shrink-0 [&_svg:not([class*='size-'])]:size-4 h-11 w-full rounded-md border px-3"
                data-size="default"
                data-slot="select-trigger"
                data-state="closed"
                dir="ltr"
                id="condition"
                role="combobox"
                type="button"
              >
                <span
                  data-slot="select-value"
                  style="pointer-events: none;"
                >
                  Good
                </span>
                <svg
                  aria-hidden="true"
                  class="lucide lucide-chevron-down pointer-events-none size-4"
                  fill="none"
                  height="24"
                  stroke="currentColor"
                  stroke-linecap="round"
                  stroke-linejoin="round"
                  stroke-width="2"
                  viewBox="0 0 24 24"
                  width="24"
                  xmlns="http://www.w3.org/2000/svg"
                >
                  <path
                    d="m6 9 6 6 6-6"
                  />
                </svg>
              </button>
              <select
                aria-hidden="true"
                style="position: absolute; border: 0px; width: 1px; height: 1px; padding: 0px; margin: -1px; overflow: hidden; clip: rect(0px, 0px, 0px, 0px); white-space: nowrap; word-wrap: normal;"
                tabindex="-1"
              >
                <option
                  value="new"
                >
                  New
                </option>
                <option
                  value="like_new"
                >
                  Like new
                </option>
                <option
                  value="excellent"
                >
                  Excellent
                </option>
                <option
                  selected=""
                  value="good"
                >
                  Good
                </option>
                <option
                  value="fair"
                >
                  Fair
                </option>
                <option
                  value="for_parts"
                >
                  For parts
                </option>
              </select>
            </div>
            <div
              class="mx-auto w-full flex-col flex gap-2"
              data-testid="container"
            >
              <label
                class="flex items-center gap-2 select-none group-data-[disabled=true]:pointer-events-none group-data-[disabled=true]:opacity-50 peer-disabled:cursor-not-allowed peer-disabled:opacity-50 text-xs font-medium tracking-wide text-muted-foreground uppercase"
                data-slot="label"
                for="countryCode"
              >
                Country
              </label>
              <div
                class="flex !bg-alpha-90/10 mx-0 w-full cursor-pointer flex-row items-center gap-0 rounded-md border bg-transparent pl-2 border-dashed h-14 text-lg mb-0"
                data-testid="container"
              >
                <input
                  aria-invalid="false"
                  class="flex h-9 min-w-0 rounded-md border border-input bg-transparent px-3 py-1 text-base shadow-xs transition-[color,box-shadow] outline-none selection:bg-primary selection:text-primary-foreground file:inline-flex file:h-7 file:border-0 file:bg-transparent file:text-sm file:font-medium file:text-foreground placeholder:text-input disabled:pointer-events-none disabled:cursor-not-allowed disabled:opacity-50 hover:ring-0 hover:outline-none focus:ring-0 focus:ring-offset-0 focus:outline-none aria-invalid:border-destructive aria-invalid:ring-destructive/40 w-full border-none !bg-transparent"
                  data-testid="input"
                  id="countryCode"
                  name="countryCode"
                  placeholder="US"
                  type="text"
                  value="US"
                />
              </div>
            </div>
            <div
              class="mx-auto w-full flex-col flex gap-2"
              data-testid="container"
            >
              <label
                class="flex items-center gap-2 select-none group-data-[disabled=true]:pointer-events-none group-data-[disabled=true]:opacity-50 peer-disabled:cursor-not-allowed peer-disabled:opacity-50 text-xs font-medium tracking-wide text-muted-foreground uppercase"
                data-slot="label"
                for="region"
              >
                Region (optional)
              </label>
              <div
                class="flex !bg-alpha-90/10 mx-0 w-full cursor-pointer flex-row items-center gap-0 rounded-md border bg-transparent pl-2 border-dashed h-14 text-lg mb-0"
                data-testid="container"
              >
                <input
                  aria-invalid="false"
                  class="flex h-9 min-w-0 rounded-md border border-input bg-transparent px-3 py-1 text-base shadow-xs transition-[color,box-shadow] outline-none selection:bg-primary selection:text-primary-foreground file:inline-flex file:h-7 file:border-0 file:bg-transparent file:text-sm file:font-medium file:text-foreground placeholder:text-input disabled:pointer-events-none disabled:cursor-not-allowed disabled:opacity-50 hover:ring-0 hover:outline-none focus:ring-0 focus:ring-offset-0 focus:outline-none aria-invalid:border-destructive aria-invalid:ring-destructive/40 w-full border-none !bg-transparent"
                  data-testid="input"
                  id="region"
                  name="region"
                  placeholder="NY"
                  type="text"
                  value=""
                />
              </div>
            </div>
          </div>
        </div>
      </div>
    </section>
    <section
      aria-labelledby="listing-section-price-title"
      data-section-complete="false"
      data-surface="listing-section-price"
      id="listing-section-price"
      tabindex="-1"
    >
      <div
        class="flex flex-col gap-6 rounded-xl bg-card py-6 text-card-foreground shadow-sm border"
        data-slot="card"
        data-testid="card"
      >
        <div
          class="grid gap-5 px-6"
          data-slot="card-content"
        >
          <div
            class="flex items-start justify-between gap-4"
          >
            <div>
              <h2
                class="text-foreground text-xl font-semibold"
                data-testid="typography"
                id="listing-section-price-title"
              >
                Price & format
              </h2>
              <p
                class="font-medium mt-1 text-sm text-muted-foreground"
                data-testid="typography"
              >
                Choose the sale format, price, and inventory options.
              </p>
            </div>
            <div
              class="inline-flex items-center justify-center rounded-md border px-2 py-0.5 text-xs font-medium w-fit whitespace-nowrap shrink-0 [&>svg]:size-3 gap-1 [&>svg]:pointer-events-none focus-visible:border-ring focus-visible:ring-ring/50 focus-visible:ring-[3px] aria-invalid:ring-destructive/40 aria-invalid:border-destructive transition-[color,box-shadow] overflow-hidden border-transparent [a&]:hover:bg-primary/90 bg-muted text-muted-foreground"
              data-slot="badge"
            >
              Incomplete
            </div>
          </div>
          <div
            class="grid gap-5 sm:grid-cols-3"
          >
            <div
              class="mx-auto w-full flex-col flex gap-2"
              data-testid="container"
            >
              <label
                class="flex items-center gap-2 select-none group-data-[disabled=true]:pointer-events-none group-data-[disabled=true]:opacity-50 peer-disabled:cursor-not-allowed peer-disabled:opacity-50 text-xs font-medium tracking-wide text-muted-foreground uppercase"
                data-slot="label"
                for="saleFormat"
              >
                Sale format
              </label>
              <button
                aria-autocomplete="none"
                aria-controls="radix-normalized"
                aria-expanded="false"
                aria-invalid="false"
                class="flex cursor-pointer items-center justify-between gap-2.5 bg-transparent py-2 text-base font-bold whitespace-nowrap text-foreground transition-colors outline-none select-none focus-visible:border-ring focus-visible:ring-1 focus-visible:ring-ring/50 disabled:cursor-not-allowed disabled:opacity-50 aria-invalid:border-destructive aria-invalid:ring-1 aria-invalid:ring-destructive/20 data-placeholder:text-muted-foreground data-[size=default]:h-8 data-[size=sm]:h-7 data-[size=sm]:rounded-[min(var(--radius-md),10px)] *:data-[slot=select-value]:line-clamp-1 *:data-[slot=select-value]:flex *:data-[slot=select-value]:items-center *:data-[slot=select-value]:gap-1.5 dark:aria-invalid:border-destructive/50 dark:aria-invalid:ring-destructive/40 [&_svg]:pointer-events-none [&_svg]:shrink-0 [&_svg:not([class*='size-'])]:size-4 h-11 w-full rounded-md border px-3"
                data-size="default"
                data-slot="select-trigger"
                data-state="closed"
                dir="ltr"
                id="saleFormat"
                role="combobox"
                type="button"
              >
                <span
                  data-slot="select-value"
                  style="pointer-events: none;"
                >
                  Buy now
                </span>
                <svg
                  aria-hidden="true"
                  class="lucide lucide-chevron-down pointer-events-none size-4"
                  fill="none"
                  height="24"
                  stroke="currentColor"
                  stroke-linecap="round"
                  stroke-linejoin="round"
                  stroke-width="2"
                  viewBox="0 0 24 24"
                  width="24"
                  xmlns="http://www.w3.org/2000/svg"
                >
                  <path
                    d="m6 9 6 6 6-6"
                  />
                </svg>
              </button>
              <select
                aria-hidden="true"
                style="position: absolute; border: 0px; width: 1px; height: 1px; padding: 0px; margin: -1px; overflow: hidden; clip: rect(0px, 0px, 0px, 0px); white-space: nowrap; word-wrap: normal;"
                tabindex="-1"
              >
                <option
                  selected=""
                  value="fixed_price"
                >
                  Buy now
                </option>
                <option
                  value="auction"
                >
                  7-day auction
                </option>
              </select>
            </div>
            <div
              class="mx-auto w-full flex-col flex gap-2"
              data-testid="container"
            >
              <label
                class="flex items-center gap-2 select-none group-data-[disabled=true]:pointer-events-none group-data-[disabled=true]:opacity-50 peer-disabled:cursor-not-allowed peer-disabled:opacity-50 text-xs font-medium tracking-wide text-muted-foreground uppercase"
                data-slot="label"
                for="currency"
              >
                Pricing currency
              </label>
              <button
                aria-autocomplete="none"
                aria-controls="radix-normalized"
                aria-expanded="false"
                aria-invalid="false"
                class="flex cursor-pointer items-center justify-between gap-2.5 bg-transparent py-2 text-base font-bold whitespace-nowrap text-foreground transition-colors outline-none select-none focus-visible:border-ring focus-visible:ring-1 focus-visible:ring-ring/50 disabled:cursor-not-allowed disabled:opacity-50 aria-invalid:border-destructive aria-invalid:ring-1 aria-invalid:ring-destructive/20 data-placeholder:text-muted-foreground data-[size=default]:h-8 data-[size=sm]:h-7 data-[size=sm]:rounded-[min(var(--radius-md),10px)] *:data-[slot=select-value]:line-clamp-1 *:data-[slot=select-value]:flex *:data-[slot=select-value]:items-center *:data-[slot=select-value]:gap-1.5 dark:aria-invalid:border-destructive/50 dark:aria-invalid:ring-destructive/40 [&_svg]:pointer-events-none [&_svg]:shrink-0 [&_svg:not([class*='size-'])]:size-4 h-11 w-full rounded-md border px-3"
                data-size="default"
                data-slot="select-trigger"
                data-state="closed"
                dir="ltr"
                id="currency"
                role="combobox"
                type="button"
              >
                <span
                  data-slot="select-value"
                  style="pointer-events: none;"
                >
                  US dollars (USD)
                </span>
                <svg
                  aria-hidden="true"
                  class="lucide lucide-chevron-down pointer-events-none size-4"
                  fill="none"
                  height="24"
                  stroke="currentColor"
                  stroke-linecap="round"
                  stroke-linejoin="round"
                  stroke-width="2"
                  viewBox="0 0 24 24"
                  width="24"
                  xmlns="http://www.w3.org/2000/svg"
                >
                  <path
                    d="m6 9 6 6 6-6"
                  />
                </svg>
              </button>
              <select
                aria-hidden="true"
                style="position: absolute; border: 0px; width: 1px; height: 1px; padding: 0px; margin: -1px; overflow: hidden; clip: rect(0px, 0px, 0px, 0px); white-space: nowrap; word-wrap: normal;"
                tabindex="-1"
              >
                <option
                  selected=""
                  value="USD"
                >
                  US dollars (USD)
                </option>
                <option
                  value="BTC"
                >
                  Bitcoin (₿)
                </option>
              </select>
            </div>
            <div
              class="mx-auto w-full flex-col flex gap-2"
              data-testid="container"
            >
              <label
                class="flex items-center gap-2 select-none group-data-[disabled=true]:pointer-events-none group-data-[disabled=true]:opacity-50 peer-disabled:cursor-not-allowed peer-disabled:opacity-50 text-xs font-medium tracking-wide text-muted-foreground uppercase"
                data-slot="label"
                for="price"
              >
                Price (USD)
              </label>
              <div
                class="flex !bg-alpha-90/10 mx-0 w-full cursor-pointer flex-row items-center gap-0 rounded-md border bg-transparent pl-2 border-dashed h-14 text-lg mb-0"
                data-testid="container"
              >
                <input
                  aria-invalid="false"
                  class="flex h-9 min-w-0 rounded-md border border-input bg-transparent px-3 py-1 text-base shadow-xs transition-[color,box-shadow] outline-none selection:bg-primary selection:text-primary-foreground file:inline-flex file:h-7 file:border-0 file:bg-transparent file:text-sm file:font-medium file:text-foreground placeholder:text-input disabled:pointer-events-none disabled:cursor-not-allowed disabled:opacity-50 hover:ring-0 hover:outline-none focus:ring-0 focus:ring-offset-0 focus:outline-none aria-invalid:border-destructive aria-invalid:ring-destructive/40 w-full border-none !bg-transparent"
                  data-testid="input"
                  id="price"
                  name="price"
                  placeholder="125.00"
                  type="text"
                  value=""
                />
              </div>
            </div>
          </div>
          <div
            class="flex items-center justify-between gap-4 border-t pt-5"
          >
            <div>
              <h3
                class="text-base text-foreground font-semibold"
                data-testid="typography"
              >
                Variants and inventory
              </h3>
              <p
                class="font-medium text-sm text-muted-foreground"
                data-testid="typography"
              >
                Up to three option dimensions with independent SKU, price, and quantity.
              </p>
            </div>
            <button
              class="inline-flex items-center justify-center whitespace-nowrap text-sm transition-all disabled:pointer-events-none disabled:opacity-50 [&_svg]:pointer-events-none [&_svg:not([class*=\\"size-\\"])]:size-4 [&_svg]:shrink-0 outline-none focus-visible:border-ring focus-visible:ring-ring/50 focus-visible:ring-[3px] aria-invalid:ring-destructive/40 aria-invalid:border-destructive font-semibold cursor-pointer border shadow-xs bg-secondary text-secondary-foreground hover:bg-accent h-8 gap-1.5 px-3 has-[>svg]:px-3.5 shrink-0 rounded-full"
              data-size="sm"
              data-slot="button"
              data-variant="secondary"
              type="button"
            >
              <svg
                aria-hidden="true"
                class="lucide lucide-plus mr-2 size-4"
                fill="none"
                height="24"
                stroke="currentColor"
                stroke-linecap="round"
                stroke-linejoin="round"
                stroke-width="2"
                viewBox="0 0 24 24"
                width="24"
                xmlns="http://www.w3.org/2000/svg"
              >
                <path
                  d="M5 12h14"
                />
                <path
                  d="M12 5v14"
                />
              </svg>
              Add variant
            </button>
          </div>
          <div
            class="flex flex-col gap-4"
          >
            <div
              class="relative grid gap-4 rounded-xl border bg-card/60 p-4 sm:grid-cols-3"
            >
              <div
                class="mx-auto w-full flex-col flex gap-2"
                data-testid="container"
              >
                <label
                  class="flex items-center gap-2 select-none group-data-[disabled=true]:pointer-events-none group-data-[disabled=true]:opacity-50 peer-disabled:cursor-not-allowed peer-disabled:opacity-50 text-xs font-medium tracking-wide text-muted-foreground uppercase"
                  data-slot="label"
                  for="variants.0.sku"
                >
                  Seller SKU
                </label>
                <div
                  class="flex !bg-alpha-90/10 mx-0 w-full cursor-pointer flex-row items-center gap-0 rounded-md border bg-transparent pl-2 border-dashed h-14 text-lg mb-0"
                  data-testid="container"
                >
                  <input
                    aria-invalid="false"
                    class="flex h-9 min-w-0 rounded-md border border-input bg-transparent px-3 py-1 text-base shadow-xs transition-[color,box-shadow] outline-none selection:bg-primary selection:text-primary-foreground file:inline-flex file:h-7 file:border-0 file:bg-transparent file:text-sm file:font-medium file:text-foreground placeholder:text-input disabled:pointer-events-none disabled:cursor-not-allowed disabled:opacity-50 hover:ring-0 hover:outline-none focus:ring-0 focus:ring-offset-0 focus:outline-none aria-invalid:border-destructive aria-invalid:ring-destructive/40 w-full border-none !bg-transparent"
                    data-testid="input"
                    id="variants.0.sku"
                    name="variants.0.sku"
                    placeholder="BOOTS-42"
                    type="text"
                    value=""
                  />
                </div>
              </div>
              <div
                class="mx-auto w-full flex-col flex gap-2"
                data-testid="container"
              >
                <label
                  class="flex items-center gap-2 select-none group-data-[disabled=true]:pointer-events-none group-data-[disabled=true]:opacity-50 peer-disabled:cursor-not-allowed peer-disabled:opacity-50 text-xs font-medium tracking-wide text-muted-foreground uppercase"
                  data-slot="label"
                  for="variants.0.size"
                >
                  Size
                </label>
                <div
                  class="flex !bg-alpha-90/10 mx-0 w-full cursor-pointer flex-row items-center gap-0 rounded-md border bg-transparent pl-2 border-dashed h-14 text-lg mb-0"
                  data-testid="container"
                >
                  <input
                    aria-invalid="false"
                    class="flex h-9 min-w-0 rounded-md border border-input bg-transparent px-3 py-1 text-base shadow-xs transition-[color,box-shadow] outline-none selection:bg-primary selection:text-primary-foreground file:inline-flex file:h-7 file:border-0 file:bg-transparent file:text-sm file:font-medium file:text-foreground placeholder:text-input disabled:pointer-events-none disabled:cursor-not-allowed disabled:opacity-50 hover:ring-0 hover:outline-none focus:ring-0 focus:ring-offset-0 focus:outline-none aria-invalid:border-destructive aria-invalid:ring-destructive/40 w-full border-none !bg-transparent"
                    data-testid="input"
                    id="variants.0.size"
                    name="variants.0.size"
                    placeholder="42"
                    type="text"
                    value=""
                  />
                </div>
              </div>
              <div
                class="mx-auto w-full flex-col flex gap-2"
                data-testid="container"
              >
                <label
                  class="flex items-center gap-2 select-none group-data-[disabled=true]:pointer-events-none group-data-[disabled=true]:opacity-50 peer-disabled:cursor-not-allowed peer-disabled:opacity-50 text-xs font-medium tracking-wide text-muted-foreground uppercase"
                  data-slot="label"
                  for="variants.0.color"
                >
                  Color
                </label>
                <div
                  class="flex !bg-alpha-90/10 mx-0 w-full cursor-pointer flex-row items-center gap-0 rounded-md border bg-transparent pl-2 border-dashed h-14 text-lg mb-0"
                  data-testid="container"
                >
                  <input
                    aria-invalid="false"
                    class="flex h-9 min-w-0 rounded-md border border-input bg-transparent px-3 py-1 text-base shadow-xs transition-[color,box-shadow] outline-none selection:bg-primary selection:text-primary-foreground file:inline-flex file:h-7 file:border-0 file:bg-transparent file:text-sm file:font-medium file:text-foreground placeholder:text-input disabled:pointer-events-none disabled:cursor-not-allowed disabled:opacity-50 hover:ring-0 hover:outline-none focus:ring-0 focus:ring-offset-0 focus:outline-none aria-invalid:border-destructive aria-invalid:ring-destructive/40 w-full border-none !bg-transparent"
                    data-testid="input"
                    id="variants.0.color"
                    name="variants.0.color"
                    placeholder="Brown"
                    type="text"
                    value=""
                  />
                </div>
              </div>
              <div
                class="mx-auto w-full flex-col flex gap-2"
                data-testid="container"
              >
                <label
                  class="flex items-center gap-2 select-none group-data-[disabled=true]:pointer-events-none group-data-[disabled=true]:opacity-50 peer-disabled:cursor-not-allowed peer-disabled:opacity-50 text-xs font-medium tracking-wide text-muted-foreground uppercase"
                  data-slot="label"
                  for="variants.0.style"
                >
                  Style
                </label>
                <div
                  class="flex !bg-alpha-90/10 mx-0 w-full cursor-pointer flex-row items-center gap-0 rounded-md border bg-transparent pl-2 border-dashed h-14 text-lg mb-0"
                  data-testid="container"
                >
                  <input
                    aria-invalid="false"
                    class="flex h-9 min-w-0 rounded-md border border-input bg-transparent px-3 py-1 text-base shadow-xs transition-[color,box-shadow] outline-none selection:bg-primary selection:text-primary-foreground file:inline-flex file:h-7 file:border-0 file:bg-transparent file:text-sm file:font-medium file:text-foreground placeholder:text-input disabled:pointer-events-none disabled:cursor-not-allowed disabled:opacity-50 hover:ring-0 hover:outline-none focus:ring-0 focus:ring-offset-0 focus:outline-none aria-invalid:border-destructive aria-invalid:ring-destructive/40 w-full border-none !bg-transparent"
                    data-testid="input"
                    id="variants.0.style"
                    name="variants.0.style"
                    placeholder="Classic"
                    type="text"
                    value=""
                  />
                </div>
              </div>
              <div
                class="mx-auto w-full flex-col flex gap-2"
                data-testid="container"
              >
                <label
                  class="flex items-center gap-2 select-none group-data-[disabled=true]:pointer-events-none group-data-[disabled=true]:opacity-50 peer-disabled:cursor-not-allowed peer-disabled:opacity-50 text-xs font-medium tracking-wide text-muted-foreground uppercase"
                  data-slot="label"
                  for="variants.0.quantity"
                >
                  Quantity
                </label>
                <div
                  class="flex !bg-alpha-90/10 mx-0 w-full cursor-pointer flex-row items-center gap-0 rounded-md border bg-transparent pl-2 border-dashed h-14 text-lg mb-0"
                  data-testid="container"
                >
                  <input
                    aria-invalid="false"
                    class="flex h-9 min-w-0 rounded-md border border-input bg-transparent px-3 py-1 text-base shadow-xs transition-[color,box-shadow] outline-none selection:bg-primary selection:text-primary-foreground file:inline-flex file:h-7 file:border-0 file:bg-transparent file:text-sm file:font-medium file:text-foreground placeholder:text-input disabled:pointer-events-none disabled:cursor-not-allowed disabled:opacity-50 hover:ring-0 hover:outline-none focus:ring-0 focus:ring-offset-0 focus:outline-none aria-invalid:border-destructive aria-invalid:ring-destructive/40 w-full border-none !bg-transparent"
                    data-testid="input"
                    id="variants.0.quantity"
                    name="variants.0.quantity"
                    placeholder="1"
                    type="text"
                    value="1"
                  />
                </div>
              </div>
              <div
                class="mx-auto w-full flex-col flex gap-2"
                data-testid="container"
              >
                <label
                  class="flex items-center gap-2 select-none group-data-[disabled=true]:pointer-events-none group-data-[disabled=true]:opacity-50 peer-disabled:cursor-not-allowed peer-disabled:opacity-50 text-xs font-medium tracking-wide text-muted-foreground uppercase"
                  data-slot="label"
                  for="variants.0.priceOverride"
                >
                  Price override (USD)
                </label>
                <div
                  class="flex !bg-alpha-90/10 mx-0 w-full cursor-pointer flex-row items-center gap-0 rounded-md border bg-transparent pl-2 border-dashed h-14 text-lg mb-0"
                  data-testid="container"
                >
                  <input
                    aria-invalid="false"
                    class="flex h-9 min-w-0 rounded-md border border-input bg-transparent px-3 py-1 text-base shadow-xs transition-[color,box-shadow] outline-none selection:bg-primary selection:text-primary-foreground file:inline-flex file:h-7 file:border-0 file:bg-transparent file:text-sm file:font-medium file:text-foreground placeholder:text-input disabled:pointer-events-none disabled:cursor-not-allowed disabled:opacity-50 hover:ring-0 hover:outline-none focus:ring-0 focus:ring-offset-0 focus:outline-none aria-invalid:border-destructive aria-invalid:ring-destructive/40 w-full border-none !bg-transparent"
                    data-testid="input"
                    id="variants.0.priceOverride"
                    name="variants.0.priceOverride"
                    placeholder="Optional"
                    type="text"
                    value=""
                  />
                </div>
              </div>
            </div>
          </div>
        </div>
      </div>
    </section>
    <section
      aria-labelledby="listing-section-shipping-title"
      data-section-complete="false"
      data-surface="listing-section-shipping"
      id="listing-section-shipping"
      tabindex="-1"
    >
      <div
        class="flex flex-col gap-6 rounded-xl bg-card py-6 text-card-foreground shadow-sm border"
        data-slot="card"
        data-testid="card"
      >
        <div
          class="grid gap-5 px-6"
          data-slot="card-content"
        >
          <div
            class="flex items-start justify-between gap-4"
          >
            <div>
              <h2
                class="text-foreground text-xl font-semibold"
                data-testid="typography"
                id="listing-section-shipping-title"
              >
                Shipping & returns
              </h2>
              <p
                class="font-medium mt-1 text-sm text-muted-foreground"
                data-testid="typography"
              >
                Fulfillment: ship the item, offer local pickup, or both. Shipping requires the shipping details and package size; pickup-only listings skip those fields.
              </p>
            </div>
            <div
              class="inline-flex items-center justify-center rounded-md border px-2 py-0.5 text-xs font-medium w-fit whitespace-nowrap shrink-0 [&>svg]:size-3 gap-1 [&>svg]:pointer-events-none focus-visible:border-ring focus-visible:ring-ring/50 focus-visible:ring-[3px] aria-invalid:ring-destructive/40 aria-invalid:border-destructive transition-[color,box-shadow] overflow-hidden border-transparent [a&]:hover:bg-primary/90 bg-muted text-muted-foreground"
              data-slot="badge"
            >
              Incomplete
            </div>
          </div>
          <div
            class="grid gap-5 sm:grid-cols-2"
          >
            <div
              class="mx-auto w-full flex-col flex gap-2"
              data-testid="container"
            >
              <label
                class="flex items-center gap-2 select-none group-data-[disabled=true]:pointer-events-none group-data-[disabled=true]:opacity-50 peer-disabled:cursor-not-allowed peer-disabled:opacity-50 text-xs font-medium tracking-wide text-muted-foreground uppercase"
                data-slot="label"
                for="fulfillment"
              >
                Fulfillment
              </label>
              <button
                aria-autocomplete="none"
                aria-controls="radix-normalized"
                aria-expanded="false"
                aria-invalid="false"
                class="flex cursor-pointer items-center justify-between gap-2.5 bg-transparent py-2 text-base font-bold whitespace-nowrap text-foreground transition-colors outline-none select-none focus-visible:border-ring focus-visible:ring-1 focus-visible:ring-ring/50 disabled:cursor-not-allowed disabled:opacity-50 aria-invalid:border-destructive aria-invalid:ring-1 aria-invalid:ring-destructive/20 data-placeholder:text-muted-foreground data-[size=default]:h-8 data-[size=sm]:h-7 data-[size=sm]:rounded-[min(var(--radius-md),10px)] *:data-[slot=select-value]:line-clamp-1 *:data-[slot=select-value]:flex *:data-[slot=select-value]:items-center *:data-[slot=select-value]:gap-1.5 dark:aria-invalid:border-destructive/50 dark:aria-invalid:ring-destructive/40 [&_svg]:pointer-events-none [&_svg]:shrink-0 [&_svg:not([class*='size-'])]:size-4 h-11 w-full rounded-md border px-3"
                data-size="default"
                data-slot="select-trigger"
                data-state="closed"
                dir="ltr"
                id="fulfillment"
                role="combobox"
                type="button"
              >
                <span
                  data-slot="select-value"
                  style="pointer-events: none;"
                >
                  Ship item
                </span>
                <svg
                  aria-hidden="true"
                  class="lucide lucide-chevron-down pointer-events-none size-4"
                  fill="none"
                  height="24"
                  stroke="currentColor"
                  stroke-linecap="round"
                  stroke-linejoin="round"
                  stroke-width="2"
                  viewBox="0 0 24 24"
                  width="24"
                  xmlns="http://www.w3.org/2000/svg"
                >
                  <path
                    d="m6 9 6 6 6-6"
                  />
                </svg>
              </button>
              <select
                aria-hidden="true"
                style="position: absolute; border: 0px; width: 1px; height: 1px; padding: 0px; margin: -1px; overflow: hidden; clip: rect(0px, 0px, 0px, 0px); white-space: nowrap; word-wrap: normal;"
                tabindex="-1"
              >
                <option
                  selected=""
                  value="shipping"
                >
                  Ship item
                </option>
                <option
                  value="pickup"
                >
                  Local pickup
                </option>
                <option
                  value="shipping_and_pickup"
                >
                  Pickup or shipping
                </option>
              </select>
            </div>
            <div
              class="mx-auto w-full flex-col flex gap-2"
              data-testid="container"
            >
              <label
                class="flex items-center gap-2 select-none group-data-[disabled=true]:pointer-events-none group-data-[disabled=true]:opacity-50 peer-disabled:cursor-not-allowed peer-disabled:opacity-50 text-xs font-medium tracking-wide text-muted-foreground uppercase"
                data-slot="label"
                for="returnDays"
              >
                Returns
              </label>
              <button
                aria-autocomplete="none"
                aria-controls="radix-normalized"
                aria-expanded="false"
                aria-invalid="false"
                class="flex cursor-pointer items-center justify-between gap-2.5 bg-transparent py-2 text-base font-bold whitespace-nowrap text-foreground transition-colors outline-none select-none focus-visible:border-ring focus-visible:ring-1 focus-visible:ring-ring/50 disabled:cursor-not-allowed disabled:opacity-50 aria-invalid:border-destructive aria-invalid:ring-1 aria-invalid:ring-destructive/20 data-placeholder:text-muted-foreground data-[size=default]:h-8 data-[size=sm]:h-7 data-[size=sm]:rounded-[min(var(--radius-md),10px)] *:data-[slot=select-value]:line-clamp-1 *:data-[slot=select-value]:flex *:data-[slot=select-value]:items-center *:data-[slot=select-value]:gap-1.5 dark:aria-invalid:border-destructive/50 dark:aria-invalid:ring-destructive/40 [&_svg]:pointer-events-none [&_svg]:shrink-0 [&_svg:not([class*='size-'])]:size-4 h-11 w-full rounded-md border px-3"
                data-size="default"
                data-slot="select-trigger"
                data-state="closed"
                dir="ltr"
                id="returnDays"
                role="combobox"
                type="button"
              >
                <span
                  data-slot="select-value"
                  style="pointer-events: none;"
                >
                  Final sale
                </span>
                <svg
                  aria-hidden="true"
                  class="lucide lucide-chevron-down pointer-events-none size-4"
                  fill="none"
                  height="24"
                  stroke="currentColor"
                  stroke-linecap="round"
                  stroke-linejoin="round"
                  stroke-width="2"
                  viewBox="0 0 24 24"
                  width="24"
                  xmlns="http://www.w3.org/2000/svg"
                >
                  <path
                    d="m6 9 6 6 6-6"
                  />
                </svg>
              </button>
              <select
                aria-hidden="true"
                style="position: absolute; border: 0px; width: 1px; height: 1px; padding: 0px; margin: -1px; overflow: hidden; clip: rect(0px, 0px, 0px, 0px); white-space: nowrap; word-wrap: normal;"
                tabindex="-1"
              >
                <option
                  value="30"
                >
                  30 days
                </option>
                <option
                  value="14"
                >
                  14 days
                </option>
                <option
                  selected=""
                  value="none"
                >
                  Final sale
                </option>
              </select>
            </div>
          </div>
          <div
            class="flex flex-wrap items-end gap-3 rounded-xl border bg-card/60 p-3"
          >
            <button
              class="inline-flex items-center justify-center whitespace-nowrap text-sm transition-all disabled:pointer-events-none disabled:opacity-50 [&_svg]:pointer-events-none [&_svg:not([class*=\\"size-\\"])]:size-4 shrink-0 [&_svg]:shrink-0 outline-none focus-visible:border-ring focus-visible:ring-ring/50 focus-visible:ring-[3px] aria-invalid:ring-destructive/40 aria-invalid:border-destructive font-semibold cursor-pointer border shadow-xs bg-secondary text-secondary-foreground hover:bg-accent h-8 gap-1.5 px-3 has-[>svg]:px-3.5 rounded-full"
              data-size="sm"
              data-slot="button"
              data-variant="secondary"
              type="button"
            >
              Save as preset
            </button>
            <p
              class="font-medium text-sm text-muted-foreground"
              data-testid="typography"
            >
              Presets store these shipping fields on this device so future listings start pre-filled.
            </p>
          </div>
          <div
            class="grid gap-5 sm:grid-cols-2"
          >
            <div
              class="mx-auto w-full flex-col flex gap-2"
              data-testid="container"
            >
              <label
                class="flex items-center gap-2 select-none group-data-[disabled=true]:pointer-events-none group-data-[disabled=true]:opacity-50 peer-disabled:cursor-not-allowed peer-disabled:opacity-50 text-xs font-medium tracking-wide text-muted-foreground uppercase"
                data-slot="label"
                for="shippingLabel"
              >
                Shipping label
              </label>
              <div
                class="flex !bg-alpha-90/10 mx-0 w-full cursor-pointer flex-row items-center gap-0 rounded-md border bg-transparent pl-2 border-dashed h-14 text-lg mb-0"
                data-testid="container"
              >
                <input
                  aria-invalid="false"
                  class="flex h-9 min-w-0 rounded-md border border-input bg-transparent px-3 py-1 text-base shadow-xs transition-[color,box-shadow] outline-none selection:bg-primary selection:text-primary-foreground file:inline-flex file:h-7 file:border-0 file:bg-transparent file:text-sm file:font-medium file:text-foreground placeholder:text-input disabled:pointer-events-none disabled:cursor-not-allowed disabled:opacity-50 hover:ring-0 hover:outline-none focus:ring-0 focus:ring-offset-0 focus:outline-none aria-invalid:border-destructive aria-invalid:ring-destructive/40 w-full border-none !bg-transparent"
                  data-testid="input"
                  id="shippingLabel"
                  name="shippingLabel"
                  placeholder="Standard shipping"
                  type="text"
                  value="Seller shipping"
                />
              </div>
            </div>
            <div
              class="grid gap-2"
            >
              <div
                class="mx-auto w-full flex-col flex gap-2"
                data-testid="container"
              >
                <label
                  class="flex items-center gap-2 select-none group-data-[disabled=true]:pointer-events-none group-data-[disabled=true]:opacity-50 peer-disabled:cursor-not-allowed peer-disabled:opacity-50 text-xs font-medium tracking-wide text-muted-foreground uppercase"
                  data-slot="label"
                  for="shippingPrice"
                >
                  Flat shipping (USD)
                </label>
                <div
                  class="flex !bg-alpha-90/10 mx-0 w-full cursor-pointer flex-row items-center gap-0 rounded-md border bg-transparent pl-2 border-dashed h-14 text-lg mb-0"
                  data-testid="container"
                >
                  <input
                    aria-invalid="false"
                    class="flex h-9 min-w-0 rounded-md border border-input bg-transparent px-3 py-1 text-base shadow-xs transition-[color,box-shadow] outline-none selection:bg-primary selection:text-primary-foreground file:inline-flex file:h-7 file:border-0 file:bg-transparent file:text-sm file:font-medium file:text-foreground placeholder:text-input disabled:pointer-events-none disabled:cursor-not-allowed disabled:opacity-50 hover:ring-0 hover:outline-none focus:ring-0 focus:ring-offset-0 focus:outline-none aria-invalid:border-destructive aria-invalid:ring-destructive/40 w-full border-none !bg-transparent"
                    data-testid="input"
                    id="shippingPrice"
                    name="shippingPrice"
                    placeholder="12.00"
                    type="text"
                    value=""
                  />
                </div>
              </div>
              <div
                class="flex items-center gap-2"
              >
                <button
                  aria-checked="false"
                  class="peer h-4 w-4 shrink-0 rounded border border-input bg-white/5 shadow-sm transition-colors focus-visible:ring-2 focus-visible:ring-ring focus-visible:ring-offset-2 focus-visible:ring-offset-background focus-visible:outline-none disabled:cursor-not-allowed disabled:opacity-50 data-[state=checked]:border-brand data-[state=checked]:bg-brand"
                  data-state="unchecked"
                  id="listing-free-shipping"
                  role="checkbox"
                  type="button"
                  value="on"
                />
                <input
                  aria-hidden="true"
                  style="position: absolute; pointer-events: none; opacity: 0; margin: 0px; transform: translateX(-100%); width: 0px; height: 0px;"
                  tabindex="-1"
                  type="checkbox"
                  value="on"
                />
                <label
                  class="flex items-center gap-2 font-medium select-none group-data-[disabled=true]:pointer-events-none group-data-[disabled=true]:opacity-50 peer-disabled:cursor-not-allowed peer-disabled:opacity-50 cursor-pointer text-sm"
                  data-slot="label"
                  for="listing-free-shipping"
                >
                  Free shipping
                </label>
              </div>
            </div>
            <div
              class="mx-auto w-full flex-col flex gap-2"
              data-testid="container"
            >
              <label
                class="flex items-center gap-2 select-none group-data-[disabled=true]:pointer-events-none group-data-[disabled=true]:opacity-50 peer-disabled:cursor-not-allowed peer-disabled:opacity-50 text-xs font-medium tracking-wide text-muted-foreground uppercase"
                data-slot="label"
                for="shippingMinDays"
              >
                Delivery estimate min (days)
              </label>
              <div
                class="flex !bg-alpha-90/10 mx-0 w-full cursor-pointer flex-row items-center gap-0 rounded-md border bg-transparent pl-2 border-dashed h-14 text-lg mb-0"
                data-testid="container"
              >
                <input
                  aria-invalid="false"
                  class="flex h-9 min-w-0 rounded-md border border-input bg-transparent px-3 py-1 text-base shadow-xs transition-[color,box-shadow] outline-none selection:bg-primary selection:text-primary-foreground file:inline-flex file:h-7 file:border-0 file:bg-transparent file:text-sm file:font-medium file:text-foreground placeholder:text-input disabled:pointer-events-none disabled:cursor-not-allowed disabled:opacity-50 hover:ring-0 hover:outline-none focus:ring-0 focus:ring-offset-0 focus:outline-none aria-invalid:border-destructive aria-invalid:ring-destructive/40 w-full border-none !bg-transparent"
                  data-testid="input"
                  id="shippingMinDays"
                  name="shippingMinDays"
                  placeholder="3"
                  type="text"
                  value="3"
                />
              </div>
            </div>
            <div
              class="mx-auto w-full flex-col flex gap-2"
              data-testid="container"
            >
              <label
                class="flex items-center gap-2 select-none group-data-[disabled=true]:pointer-events-none group-data-[disabled=true]:opacity-50 peer-disabled:cursor-not-allowed peer-disabled:opacity-50 text-xs font-medium tracking-wide text-muted-foreground uppercase"
                data-slot="label"
                for="shippingMaxDays"
              >
                Delivery estimate max (days)
              </label>
              <div
                class="flex !bg-alpha-90/10 mx-0 w-full cursor-pointer flex-row items-center gap-0 rounded-md border bg-transparent pl-2 border-dashed h-14 text-lg mb-0"
                data-testid="container"
              >
                <input
                  aria-invalid="false"
                  class="flex h-9 min-w-0 rounded-md border border-input bg-transparent px-3 py-1 text-base shadow-xs transition-[color,box-shadow] outline-none selection:bg-primary selection:text-primary-foreground file:inline-flex file:h-7 file:border-0 file:bg-transparent file:text-sm file:font-medium file:text-foreground placeholder:text-input disabled:pointer-events-none disabled:cursor-not-allowed disabled:opacity-50 hover:ring-0 hover:outline-none focus:ring-0 focus:ring-offset-0 focus:outline-none aria-invalid:border-destructive aria-invalid:ring-destructive/40 w-full border-none !bg-transparent"
                  data-testid="input"
                  id="shippingMaxDays"
                  name="shippingMaxDays"
                  placeholder="7"
                  type="text"
                  value="7"
                />
              </div>
            </div>
            <div
              class="mx-auto w-full flex-col flex gap-2"
              data-testid="container"
            >
              <label
                class="flex items-center gap-2 select-none group-data-[disabled=true]:pointer-events-none group-data-[disabled=true]:opacity-50 peer-disabled:cursor-not-allowed peer-disabled:opacity-50 text-xs font-medium tracking-wide text-muted-foreground uppercase"
                data-slot="label"
                for="packageWeight"
              >
                Weight (g)
              </label>
              <div
                class="flex !bg-alpha-90/10 mx-0 w-full cursor-pointer flex-row items-center gap-0 rounded-md border bg-transparent pl-2 border-dashed h-14 text-lg mb-0"
                data-testid="container"
              >
                <input
                  aria-invalid="false"
                  class="flex h-9 min-w-0 rounded-md border border-input bg-transparent px-3 py-1 text-base shadow-xs transition-[color,box-shadow] outline-none selection:bg-primary selection:text-primary-foreground file:inline-flex file:h-7 file:border-0 file:bg-transparent file:text-sm file:font-medium file:text-foreground placeholder:text-input disabled:pointer-events-none disabled:cursor-not-allowed disabled:opacity-50 hover:ring-0 hover:outline-none focus:ring-0 focus:ring-offset-0 focus:outline-none aria-invalid:border-destructive aria-invalid:ring-destructive/40 w-full border-none !bg-transparent"
                  data-testid="input"
                  id="packageWeight"
                  name="packageWeight"
                  placeholder="1200"
                  type="text"
                  value=""
                />
              </div>
            </div>
          </div>
          <div
            class="flex items-center gap-2"
            data-cy="marketplace-package-units-toggle"
          >
            <span
              class="font-medium text-sm text-muted-foreground"
              data-testid="typography"
            >
              Units
            </span>
            <button
              aria-pressed="false"
              class="inline-flex items-center justify-center whitespace-nowrap text-sm transition-all disabled:pointer-events-none disabled:opacity-50 [&_svg]:pointer-events-none [&_svg:not([class*=\\"size-\\"])]:size-4 shrink-0 [&_svg]:shrink-0 outline-none focus-visible:border-ring focus-visible:ring-ring/50 focus-visible:ring-[3px] aria-invalid:ring-destructive/40 aria-invalid:border-destructive font-semibold cursor-pointer border shadow-xs bg-secondary text-secondary-foreground hover:bg-accent h-8 gap-1.5 px-3 has-[>svg]:px-3.5 rounded-full"
              data-size="sm"
              data-slot="button"
              data-variant="secondary"
              type="button"
            >
              in / oz
            </button>
            <button
              aria-pressed="true"
              class="inline-flex items-center justify-center whitespace-nowrap text-sm transition-all disabled:pointer-events-none disabled:opacity-50 [&_svg]:pointer-events-none [&_svg:not([class*=\\"size-\\"])]:size-4 shrink-0 [&_svg]:shrink-0 outline-none focus-visible:border-ring focus-visible:ring-ring/50 focus-visible:ring-[3px] aria-invalid:ring-destructive/40 aria-invalid:border-destructive font-semibold cursor-pointer border shadow-xs bg-brand/16 text-brand hover:!bg-brand/30 border-brand h-8 gap-1.5 px-3 has-[>svg]:px-3.5 rounded-full"
              data-size="sm"
              data-slot="button"
              data-variant="default"
              type="button"
            >
              cm / g
            </button>
          </div>
          <div
            class="grid gap-5 sm:grid-cols-3"
          >
            <div
              class="mx-auto w-full flex-col flex gap-2"
              data-testid="container"
            >
              <label
                class="flex items-center gap-2 select-none group-data-[disabled=true]:pointer-events-none group-data-[disabled=true]:opacity-50 peer-disabled:cursor-not-allowed peer-disabled:opacity-50 text-xs font-medium tracking-wide text-muted-foreground uppercase"
                data-slot="label"
                for="packageLength"
              >
                Length (cm)
              </label>
              <div
                class="flex !bg-alpha-90/10 mx-0 w-full cursor-pointer flex-row items-center gap-0 rounded-md border bg-transparent pl-2 border-dashed h-14 text-lg mb-0"
                data-testid="container"
              >
                <input
                  aria-invalid="false"
                  class="flex h-9 min-w-0 rounded-md border border-input bg-transparent px-3 py-1 text-base shadow-xs transition-[color,box-shadow] outline-none selection:bg-primary selection:text-primary-foreground file:inline-flex file:h-7 file:border-0 file:bg-transparent file:text-sm file:font-medium file:text-foreground placeholder:text-input disabled:pointer-events-none disabled:cursor-not-allowed disabled:opacity-50 hover:ring-0 hover:outline-none focus:ring-0 focus:ring-offset-0 focus:outline-none aria-invalid:border-destructive aria-invalid:ring-destructive/40 w-full border-none !bg-transparent"
                  data-testid="input"
                  id="packageLength"
                  name="packageLength"
                  placeholder="35.0"
                  type="text"
                  value=""
                />
              </div>
            </div>
            <div
              class="mx-auto w-full flex-col flex gap-2"
              data-testid="container"
            >
              <label
                class="flex items-center gap-2 select-none group-data-[disabled=true]:pointer-events-none group-data-[disabled=true]:opacity-50 peer-disabled:cursor-not-allowed peer-disabled:opacity-50 text-xs font-medium tracking-wide text-muted-foreground uppercase"
                data-slot="label"
                for="packageWidth"
              >
                Width (cm)
              </label>
              <div
                class="flex !bg-alpha-90/10 mx-0 w-full cursor-pointer flex-row items-center gap-0 rounded-md border bg-transparent pl-2 border-dashed h-14 text-lg mb-0"
                data-testid="container"
              >
                <input
                  aria-invalid="false"
                  class="flex h-9 min-w-0 rounded-md border border-input bg-transparent px-3 py-1 text-base shadow-xs transition-[color,box-shadow] outline-none selection:bg-primary selection:text-primary-foreground file:inline-flex file:h-7 file:border-0 file:bg-transparent file:text-sm file:font-medium file:text-foreground placeholder:text-input disabled:pointer-events-none disabled:cursor-not-allowed disabled:opacity-50 hover:ring-0 hover:outline-none focus:ring-0 focus:ring-offset-0 focus:outline-none aria-invalid:border-destructive aria-invalid:ring-destructive/40 w-full border-none !bg-transparent"
                  data-testid="input"
                  id="packageWidth"
                  name="packageWidth"
                  placeholder="25.0"
                  type="text"
                  value=""
                />
              </div>
            </div>
            <div
              class="mx-auto w-full flex-col flex gap-2"
              data-testid="container"
            >
              <label
                class="flex items-center gap-2 select-none group-data-[disabled=true]:pointer-events-none group-data-[disabled=true]:opacity-50 peer-disabled:cursor-not-allowed peer-disabled:opacity-50 text-xs font-medium tracking-wide text-muted-foreground uppercase"
                data-slot="label"
                for="packageHeight"
              >
                Height (cm)
              </label>
              <div
                class="flex !bg-alpha-90/10 mx-0 w-full cursor-pointer flex-row items-center gap-0 rounded-md border bg-transparent pl-2 border-dashed h-14 text-lg mb-0"
                data-testid="container"
              >
                <input
                  aria-invalid="false"
                  class="flex h-9 min-w-0 rounded-md border border-input bg-transparent px-3 py-1 text-base shadow-xs transition-[color,box-shadow] outline-none selection:bg-primary selection:text-primary-foreground file:inline-flex file:h-7 file:border-0 file:bg-transparent file:text-sm file:font-medium file:text-foreground placeholder:text-input disabled:pointer-events-none disabled:cursor-not-allowed disabled:opacity-50 hover:ring-0 hover:outline-none focus:ring-0 focus:ring-offset-0 focus:outline-none aria-invalid:border-destructive aria-invalid:ring-destructive/40 w-full border-none !bg-transparent"
                  data-testid="input"
                  id="packageHeight"
                  name="packageHeight"
                  placeholder="15.0"
                  type="text"
                  value=""
                />
              </div>
            </div>
          </div>
          <p
            class="font-medium text-sm text-muted-foreground"
            data-testid="typography"
          >
            Package details are entered in 
            centimeters and grams
             (your measurement preference) and stored exactly in millimeters and grams.
          </p>
        </div>
      </div>
    </section>
    <section
      aria-labelledby="listing-section-review-title"
      data-section-complete="false"
      data-surface="listing-section-review"
      id="listing-section-review"
      tabindex="-1"
    >
      <div
        class="flex flex-col gap-6 rounded-xl bg-card py-6 text-card-foreground shadow-sm border"
        data-slot="card"
        data-testid="card"
      >
        <div
          class="grid gap-5 px-6"
          data-slot="card-content"
        >
          <div
            class="flex items-start justify-between gap-4"
          >
            <div>
              <h2
                class="text-foreground text-xl font-semibold"
                data-testid="typography"
                id="listing-section-review-title"
              >
                Review & publish
              </h2>
              <p
                class="font-medium mt-1 text-sm text-muted-foreground"
                data-testid="typography"
              >
                Publish is available after title, price, category, and at least one photo are ready.
              </p>
            </div>
            <div
              class="inline-flex items-center justify-center rounded-md border px-2 py-0.5 text-xs font-medium w-fit whitespace-nowrap shrink-0 [&>svg]:size-3 gap-1 [&>svg]:pointer-events-none focus-visible:border-ring focus-visible:ring-ring/50 focus-visible:ring-[3px] aria-invalid:ring-destructive/40 aria-invalid:border-destructive transition-[color,box-shadow] overflow-hidden border-transparent [a&]:hover:bg-primary/90 bg-muted text-muted-foreground"
              data-slot="badge"
            >
              Incomplete
            </div>
          </div>
          <div
            class="grid gap-4 rounded-xl border bg-card/60 p-4"
          >
            <div
              class="flex items-start gap-3"
            >
              <svg
                aria-hidden="true"
                class="lucide lucide-circle mt-0.5 size-5 shrink-0 text-muted-foreground"
                fill="none"
                height="24"
                stroke="currentColor"
                stroke-linecap="round"
                stroke-linejoin="round"
                stroke-width="2"
                viewBox="0 0 24 24"
                width="24"
                xmlns="http://www.w3.org/2000/svg"
              >
                <circle
                  cx="12"
                  cy="12"
                  r="10"
                />
              </svg>
              <div>
                <p
                  class="text-base text-foreground font-semibold"
                  data-testid="typography"
                >
                  Required to publish
                </p>
                <ul
                  class="mt-2 list-disc space-y-1 pl-5 text-sm text-muted-foreground"
                >
                  <li>
                    At least one photo
                  </li>
                  <li>
                    Title
                  </li>
                  <li>
                    Description
                  </li>
                  <li>
                    Category
                  </li>
                  <li>
                    Price
                  </li>
                  <li>
                    Shipping details
                  </li>
                </ul>
              </div>
            </div>
            <div>
              <p
                class="text-base text-foreground font-semibold"
                data-testid="typography"
              >
                You can add these later
              </p>
              <ul
                class="mt-2 list-disc space-y-1 pl-5 text-sm text-muted-foreground"
              >
                <li>
                  Optional category specifics like brand, color, style, model, or material
                </li>
                <li>
                  Region
                </li>
                <li>
                  Variant SKUs, options, and price overrides
                </li>
                <li>
                  Returns policy
                </li>
              </ul>
            </div>
          </div>
          <button
            class="inline-flex items-center justify-center whitespace-nowrap transition-all disabled:pointer-events-none disabled:opacity-50 [&_svg]:pointer-events-none [&_svg:not([class*=\\"size-\\"])]:size-4 shrink-0 [&_svg]:shrink-0 outline-none focus-visible:border-ring focus-visible:ring-ring/50 focus-visible:ring-[3px] aria-invalid:ring-destructive/40 aria-invalid:border-destructive cursor-pointer border shadow-xs bg-brand/16 text-brand hover:!bg-brand/30 border-brand h-auto gap-2 px-8 py-5 text-sm font-bold leading-normal w-full rounded-full"
            data-size="lg"
            data-slot="button"
            disabled=""
            type="submit"
          >
            Publish listing
          </button>
        </div>
      </div>
    </section>
  </div>
  <nav
    aria-label="Listing section status"
    class="sticky top-24 hidden h-fit flex-col gap-2 lg:flex"
  >
    <a
      aria-current="step"
      class="flex items-center gap-2 rounded-full border px-3 py-2 text-sm transition-colors border-brand bg-brand/10 text-brand justify-center"
      href="#listing-section-photos"
    >
      <svg
        aria-hidden="true"
        class="lucide lucide-circle size-4 shrink-0"
        fill="none"
        height="24"
        stroke="currentColor"
        stroke-linecap="round"
        stroke-linejoin="round"
        stroke-width="2"
        viewBox="0 0 24 24"
        width="24"
        xmlns="http://www.w3.org/2000/svg"
      >
        <circle
          cx="12"
          cy="12"
          r="10"
        />
      </svg>
      1
      <span
        class="sr-only"
      >
         incomplete
      </span>
    </a>
    <a
      class="flex items-center gap-2 rounded-full border px-3 py-2 text-sm transition-colors border-border text-muted-foreground hover:text-foreground justify-center"
      href="#listing-section-item"
    >
      <svg
        aria-hidden="true"
        class="lucide lucide-circle size-4 shrink-0"
        fill="none"
        height="24"
        stroke="currentColor"
        stroke-linecap="round"
        stroke-linejoin="round"
        stroke-width="2"
        viewBox="0 0 24 24"
        width="24"
        xmlns="http://www.w3.org/2000/svg"
      >
        <circle
          cx="12"
          cy="12"
          r="10"
        />
      </svg>
      2
      <span
        class="sr-only"
      >
         incomplete
      </span>
    </a>
    <a
      class="flex items-center gap-2 rounded-full border px-3 py-2 text-sm transition-colors border-border text-muted-foreground hover:text-foreground justify-center"
      href="#listing-section-price"
    >
      <svg
        aria-hidden="true"
        class="lucide lucide-circle size-4 shrink-0"
        fill="none"
        height="24"
        stroke="currentColor"
        stroke-linecap="round"
        stroke-linejoin="round"
        stroke-width="2"
        viewBox="0 0 24 24"
        width="24"
        xmlns="http://www.w3.org/2000/svg"
      >
        <circle
          cx="12"
          cy="12"
          r="10"
        />
      </svg>
      3
      <span
        class="sr-only"
      >
         incomplete
      </span>
    </a>
    <a
      class="flex items-center gap-2 rounded-full border px-3 py-2 text-sm transition-colors border-border text-muted-foreground hover:text-foreground justify-center"
      href="#listing-section-shipping"
    >
      <svg
        aria-hidden="true"
        class="lucide lucide-circle size-4 shrink-0"
        fill="none"
        height="24"
        stroke="currentColor"
        stroke-linecap="round"
        stroke-linejoin="round"
        stroke-width="2"
        viewBox="0 0 24 24"
        width="24"
        xmlns="http://www.w3.org/2000/svg"
      >
        <circle
          cx="12"
          cy="12"
          r="10"
        />
      </svg>
      4
      <span
        class="sr-only"
      >
         incomplete
      </span>
    </a>
    <a
      class="flex items-center gap-2 rounded-full border px-3 py-2 text-sm transition-colors border-border text-muted-foreground hover:text-foreground justify-center"
      href="#listing-section-review"
    >
      <svg
        aria-hidden="true"
        class="lucide lucide-circle size-4 shrink-0"
        fill="none"
        height="24"
        stroke="currentColor"
        stroke-linecap="round"
        stroke-linejoin="round"
        stroke-width="2"
        viewBox="0 0 24 24"
        width="24"
        xmlns="http://www.w3.org/2000/svg"
      >
        <circle
          cx="12"
          cy="12"
          r="10"
        />
      </svg>
      5
      <span
        class="sr-only"
      >
         incomplete
      </span>
    </a>
  </nav>
</form>
`;
