// Vitest Snapshot v1, https://vitest.dev/guide/snapshot.html

exports[`MarketplacePaymentSettings > opens the Bitkit setup through the existing controller call 1`] = `
[
  [
    "http://localhost:3000/",
    "aaaaaaaabbbbccccddddeeeeeeeeeeee",
  ],
]
`;

exports[`MarketplacePaymentSettings > saves the Stripe and PayPal rails with the unchanged payload shape 1`] = `
[
  [
    {
      "bitcoinEnabled": true,
      "paypalMerchantEmail": "seller@example.com",
      "stripePaymentLink": "https://buy.stripe.com/test_abc",
      "stripeRestrictedKey": "rk_test_12345678",
    },
  ],
]
`;

exports[`MarketplacePaymentSettings > starts the watch-only claim with the pasted xpub, payload unchanged 1`] = `
[
  [
    "zpubrrrrrrrrrrrrrrrrrrrrrrrrrrrrrrrrrrrrrrrrrrrrrrrrrrrrrrrrrrrrrrrrrrrrrrrrrrrrrrrrrrrrrrrrrrrrrrrrrrrrrrrrrrr",
  ],
]
`;
